[    4423ms] [LOG] myLocationRenderMode not available in web @ http://localhost:8788/dart_sdk.js:32230
[    4471ms] [LOG] MapCanvas camera settled: zoom=5, target=LatLng(23.65, 121.05000000000001), viewport=Size(1200.0, 873.0), overview=6.526118453346977, boundsZoom=null @ http://localhost:8788/dart_sdk.js:32230
[    4548ms] [LOG] MapCanvas camera settled: zoom=5, target=LatLng(23.649999999999995, 121.05000000000001), viewport=Size(1200.0, 873.0), overview=6.526118453346977, boundsZoom=5 @ http://localhost:8788/dart_sdk.js:32230
[    5809ms] [LOG] MapCanvas camera settled: zoom=6.526118453346977, target=LatLng(23.65, 121.05000000000001), viewport=Size(1200.0, 873.0), overview=6.526118453346977, boundsZoom=6.526118453346977 @ http://localhost:8788/dart_sdk.js:32230
[    5834ms] [LOG] MapCanvas camera settled: zoom=6.526118453346977, target=LatLng(23.649999999999995, 121.05000000000001), viewport=Size(1200.0, 873.0), overview=6.526118453346977, boundsZoom=6.526118453346977 @ http://localhost:8788/dart_sdk.js:32230
[   18429ms] [LOG] MapCanvas camera settled: zoom=10.2, target=LatLng(25.07701063535714, 121.59022596785712), viewport=Size(1200.0, 873.0), overview=6.526118453346977, boundsZoom=10.2 @ http://localhost:8788/dart_sdk.js:32230
[   18479ms] [LOG] MapCanvas camera settled: zoom=10.2, target=LatLng(25.077010635357148, 121.59022596785712), viewport=Size(1200.0, 873.0), overview=6.526118453346977, boundsZoom=10.2 @ http://localhost:8788/dart_sdk.js:32230
[   20138ms] [LOG] MapCanvas camera settled: zoom=11.6, target=LatLng(25.07701063535714, 121.59022596785712), viewport=Size(1200.0, 873.0), overview=6.526118453346977, boundsZoom=11.6 @ http://localhost:8788/dart_sdk.js:32230
[   20183ms] [LOG] MapCanvas camera settled: zoom=11.6, target=LatLng(25.077010635357148, 121.59022596785712), viewport=Size(1200.0, 873.0), overview=6.526118453346977, boundsZoom=11.6 @ http://localhost:8788/dart_sdk.js:32230
[   21715ms] [LOG] MapCanvas camera settled: zoom=11.720743634960193, target=LatLng(25.07804009314036, 121.59109887602062), viewport=Size(1200.0, 873.0), overview=6.526118453346977, boundsZoom=11.6 @ http://localhost:8788/dart_sdk.js:32230
[   21764ms] [LOG] MapCanvas camera settled: zoom=11.720743634960193, target=LatLng(25.078040093140366, 121.59109887602062), viewport=Size(1200.0, 873.0), overview=6.526118453346977, boundsZoom=11.720743634960193 @ http://localhost:8788/dart_sdk.js:32230
[   22063ms] [LOG] MapCanvas camera settled: zoom=11.748753446152776, target=LatLng(25.07826684074159, 121.59129114310622), viewport=Size(1200.0, 873.0), overview=6.526118453346977, boundsZoom=11.720743634960193 @ http://localhost:8788/dart_sdk.js:32230
[   22787ms] [LOG] MapCanvas camera settled: zoom=11.909056171063897, target=LatLng(25.079483148764936, 121.59232249855893), viewport=Size(1200.0, 873.0), overview=6.526118453346977, boundsZoom=11.720743634960193 @ http://localhost:8788/dart_sdk.js:32230
[   22835ms] [LOG] MapCanvas camera settled: zoom=11.909056171063897, target=LatLng(25.079483148764933, 121.59232249855893), viewport=Size(1200.0, 873.0), overview=6.526118453346977, boundsZoom=11.909056171063897 @ http://localhost:8788/dart_sdk.js:32230
[   23112ms] [LOG] MapCanvas camera settled: zoom=11.928838699205617, target=LatLng(25.07962409599169, 121.59244201392175), viewport=Size(1200.0, 873.0), overview=6.526118453346977, boundsZoom=11.909056171063897 @ http://localhost:8788/dart_sdk.js:32230
[   24337ms] [LOG] MapCanvas camera settled: zoom=12.64420107178723, target=LatLng(25.083615078554345, 121.5958262010081), viewport=Size(1200.0, 873.0), overview=6.526118453346977, boundsZoom=11.909056171063897 @ http://localhost:8788/dart_sdk.js:32230
[   24388ms] [LOG] MapCanvas camera settled: zoom=12.64420107178723, target=LatLng(25.083615078554335, 121.5958262010081), viewport=Size(1200.0, 873.0), overview=6.526118453346977, boundsZoom=12.64420107178723 @ http://localhost:8788/dart_sdk.js:32230
[ 4381599ms] [LOG] MapCanvas camera settled: zoom=12.64420107178723, target=LatLng(25.120416513448674, 121.5958262010073), viewport=Size(1200.0, 873.0), overview=6.526118453346977, boundsZoom=12.64420107178723 @ http://localhost:8788/dart_sdk.js:32230
[ 4418149ms] [LOG] MapCanvas camera settled: zoom=12.64420107178723, target=LatLng(25.120416513448667, 121.5958262010073), viewport=Size(1200.0, 873.0), overview=6.526118453346977, boundsZoom=12.64420107178723 @ http://localhost:8788/dart_sdk.js:32230
[ 4450878ms] [LOG] MapCanvas camera settled: zoom=6.526118453346977, target=LatLng(23.65000000000002, 121.04999999999995), viewport=Size(1200.0, 873.0), overview=6.526118453346977, boundsZoom=6.526118453346977 @ http://localhost:8788/dart_sdk.js:32230
[ 4450916ms] [LOG] MapCanvas camera settled: zoom=6.526118453346977, target=LatLng(23.650000000000016, 121.04999999999995), viewport=Size(1200.0, 873.0), overview=6.526118453346977, boundsZoom=6.526118453346977 @ http://localhost:8788/dart_sdk.js:32230
[ 4474864ms] [LOG] MapCanvas camera settled: zoom=6.526118453346977, target=LatLng(24.099999999999994, 121.05000000000223), viewport=Size(1200.0, 873.0), overview=6.526118453346977, boundsZoom=6.526118453346977 @ http://localhost:8788/dart_sdk.js:32230
[ 4515417ms] [LOG] MapCanvas camera settled: zoom=6.526118453346977, target=LatLng(23.728779679968813, 121.05000000000223), viewport=Size(1200.0, 873.0), overview=6.526118453346977, boundsZoom=6.526118453346977 @ http://localhost:8788/dart_sdk.js:32230
[ 4518089ms] [LOG] MapCanvas camera settled: zoom=6.526118453346977, target=LatLng(23.65000000000002, 121.04999999999995), viewport=Size(1200.0, 873.0), overview=6.526118453346977, boundsZoom=6.526118453346977 @ http://localhost:8788/dart_sdk.js:32230
[ 4518130ms] [LOG] MapCanvas camera settled: zoom=6.526118453346977, target=LatLng(23.650000000000016, 121.04999999999995), viewport=Size(1200.0, 873.0), overview=6.526118453346977, boundsZoom=6.526118453346977 @ http://localhost:8788/dart_sdk.js:32230
[ 4520674ms] [LOG] MapCanvas camera settled: zoom=6.526118453346977, target=LatLng(23.650000000000503, 122.10000000000002), viewport=Size(1200.0, 873.0), overview=6.526118453346977, boundsZoom=6.526118453346977 @ http://localhost:8788/dart_sdk.js:32230
[ 4574508ms] [LOG] MapCanvas camera settled: zoom=6.526118453346977, target=LatLng(23.650000000000503, 122.10000000000002), viewport=Size(1200.0, 873.0), overview=6.526118453346977, boundsZoom=6.526118453346977 @ http://localhost:8788/dart_sdk.js:32230
[ 4574540ms] [LOG] MapCanvas camera settled: zoom=6.526118453346977, target=LatLng(23.650000000000503, 122.10000000000002), viewport=Size(1200.0, 873.0), overview=6.526118453346977, boundsZoom=6.526118453346977 @ http://localhost:8788/dart_sdk.js:32230
[ 4574589ms] [LOG] MapCanvas camera settled: zoom=6.526118453346977, target=LatLng(23.650000000000503, 122.10000000000002), viewport=Size(1200.0, 873.0), overview=6.526118453346977, boundsZoom=6.526118453346977 @ http://localhost:8788/dart_sdk.js:32230
[ 4574636ms] [LOG] MapCanvas camera settled: zoom=6.526118453346977, target=LatLng(23.650000000000503, 122.10000000000002), viewport=Size(1200.0, 873.0), overview=6.526118453346977, boundsZoom=6.526118453346977 @ http://localhost:8788/dart_sdk.js:32230
[ 4574678ms] [LOG] MapCanvas camera settled: zoom=6.526118453346977, target=LatLng(23.650000000000503, 122.10000000000002), viewport=Size(1200.0, 873.0), overview=6.526118453346977, boundsZoom=6.526118453346977 @ http://localhost:8788/dart_sdk.js:32230
[ 4574723ms] [LOG] MapCanvas camera settled: zoom=6.526118453346977, target=LatLng(23.650000000000503, 122.10000000000002), viewport=Size(1200.0, 873.0), overview=6.526118453346977, boundsZoom=6.526118453346977 @ http://localhost:8788/dart_sdk.js:32230
[ 4574768ms] [LOG] MapCanvas camera settled: zoom=6.526118453346977, target=LatLng(23.650000000000503, 122.10000000000002), viewport=Size(1200.0, 873.0), overview=6.526118453346977, boundsZoom=6.526118453346977 @ http://localhost:8788/dart_sdk.js:32230
[ 4574811ms] [LOG] MapCanvas camera settled: zoom=6.526118453346977, target=LatLng(23.650000000000503, 122.10000000000002), viewport=Size(1200.0, 873.0), overview=6.526118453346977, boundsZoom=6.526118453346977 @ http://localhost:8788/dart_sdk.js:32230
[ 4574852ms] [LOG] MapCanvas camera settled: zoom=6.526118453346977, target=LatLng(23.650000000000503, 122.10000000000002), viewport=Size(1200.0, 873.0), overview=6.526118453346977, boundsZoom=6.526118453346977 @ http://localhost:8788/dart_sdk.js:32230
[ 4574895ms] [LOG] MapCanvas camera settled: zoom=6.526118453346977, target=LatLng(23.650000000000503, 122.10000000000002), viewport=Size(1200.0, 873.0), overview=6.526118453346977, boundsZoom=6.526118453346977 @ http://localhost:8788/dart_sdk.js:32230
[ 4574934ms] [LOG] MapCanvas camera settled: zoom=6.526118453346977, target=LatLng(23.650000000000503, 122.10000000000002), viewport=Size(1200.0, 873.0), overview=6.526118453346977, boundsZoom=6.526118453346977 @ http://localhost:8788/dart_sdk.js:32230
[ 4574972ms] [LOG] MapCanvas camera settled: zoom=6.526118453346977, target=LatLng(23.650000000000503, 122.10000000000002), viewport=Size(1200.0, 873.0), overview=6.526118453346977, boundsZoom=6.526118453346977 @ http://localhost:8788/dart_sdk.js:32230
[ 4575010ms] [LOG] MapCanvas camera settled: zoom=6.526118453346977, target=LatLng(23.650000000000503, 122.10000000000002), viewport=Size(1200.0, 873.0), overview=6.526118453346977, boundsZoom=6.526118453346977 @ http://localhost:8788/dart_sdk.js:32230
[ 4575049ms] [LOG] MapCanvas camera settled: zoom=6.526118453346977, target=LatLng(23.650000000000503, 122.10000000000002), viewport=Size(1200.0, 873.0), overview=6.526118453346977, boundsZoom=6.526118453346977 @ http://localhost:8788/dart_sdk.js:32230
[ 4575087ms] [LOG] MapCanvas camera settled: zoom=6.526118453346977, target=LatLng(23.650000000000503, 122.10000000000002), viewport=Size(1200.0, 873.0), overview=6.526118453346977, boundsZoom=6.526118453346977 @ http://localhost:8788/dart_sdk.js:32230
[ 4575125ms] [LOG] MapCanvas camera settled: zoom=6.526118453346977, target=LatLng(23.650000000000503, 122.10000000000002), viewport=Size(1200.0, 873.0), overview=6.526118453346977, boundsZoom=6.526118453346977 @ http://localhost:8788/dart_sdk.js:32230
[ 4575164ms] [LOG] MapCanvas camera settled: zoom=6.526118453346977, target=LatLng(23.650000000000503, 122.10000000000002), viewport=Size(1200.0, 873.0), overview=6.526118453346977, boundsZoom=6.526118453346977 @ http://localhost:8788/dart_sdk.js:32230
[ 4575205ms] [LOG] MapCanvas camera settled: zoom=6.526118453346977, target=LatLng(23.650000000000503, 122.10000000000002), viewport=Size(1200.0, 873.0), overview=6.526118453346977, boundsZoom=6.526118453346977 @ http://localhost:8788/dart_sdk.js:32230
[ 4575243ms] [LOG] MapCanvas camera settled: zoom=6.526118453346977, target=LatLng(23.650000000000503, 122.10000000000002), viewport=Size(1200.0, 873.0), overview=6.526118453346977, boundsZoom=6.526118453346977 @ http://localhost:8788/dart_sdk.js:32230
[ 4575281ms] [LOG] MapCanvas camera settled: zoom=6.526118453346977, target=LatLng(23.650000000000503, 122.10000000000002), viewport=Size(1200.0, 873.0), overview=6.526118453346977, boundsZoom=6.526118453346977 @ http://localhost:8788/dart_sdk.js:32230
[ 4575319ms] [LOG] MapCanvas camera settled: zoom=6.526118453346977, target=LatLng(23.650000000000503, 122.10000000000002), viewport=Size(1200.0, 873.0), overview=6.526118453346977, boundsZoom=6.526118453346977 @ http://localhost:8788/dart_sdk.js:32230
[ 4575357ms] [LOG] MapCanvas camera settled: zoom=6.526118453346977, target=LatLng(23.650000000000503, 122.10000000000002), viewport=Size(1200.0, 873.0), overview=6.526118453346977, boundsZoom=6.526118453346977 @ http://localhost:8788/dart_sdk.js:32230
[ 4575395ms] [LOG] MapCanvas camera settled: zoom=6.526118453346977, target=LatLng(23.650000000000503, 122.10000000000002), viewport=Size(1200.0, 873.0), overview=6.526118453346977, boundsZoom=6.526118453346977 @ http://localhost:8788/dart_sdk.js:32230
[ 4575433ms] [LOG] MapCanvas camera settled: zoom=6.526118453346977, target=LatLng(23.650000000000503, 122.10000000000002), viewport=Size(1200.0, 873.0), overview=6.526118453346977, boundsZoom=6.526118453346977 @ http://localhost:8788/dart_sdk.js:32230
[ 4575473ms] [LOG] MapCanvas camera settled: zoom=6.526118453346977, target=LatLng(23.650000000000503, 122.10000000000002), viewport=Size(1200.0, 873.0), overview=6.526118453346977, boundsZoom=6.526118453346977 @ http://localhost:8788/dart_sdk.js:32230
[ 4575512ms] [LOG] MapCanvas camera settled: zoom=6.526118453346977, target=LatLng(23.650000000000503, 122.10000000000002), viewport=Size(1200.0, 873.0), overview=6.526118453346977, boundsZoom=6.526118453346977 @ http://localhost:8788/dart_sdk.js:32230
[ 4575551ms] [LOG] MapCanvas camera settled: zoom=6.526118453346977, target=LatLng(23.650000000000503, 122.10000000000002), viewport=Size(1200.0, 873.0), overview=6.526118453346977, boundsZoom=6.526118453346977 @ http://localhost:8788/dart_sdk.js:32230
[ 4575589ms] [LOG] MapCanvas camera settled: zoom=6.526118453346977, target=LatLng(23.650000000000503, 122.10000000000002), viewport=Size(1200.0, 873.0), overview=6.526118453346977, boundsZoom=6.526118453346977 @ http://localhost:8788/dart_sdk.js:32230
[ 4575627ms] [LOG] MapCanvas camera settled: zoom=6.526118453346977, target=LatLng(23.650000000000503, 122.10000000000002), viewport=Size(1200.0, 873.0), overview=6.526118453346977, boundsZoom=6.526118453346977 @ http://localhost:8788/dart_sdk.js:32230
[ 4575667ms] [LOG] MapCanvas camera settled: zoom=6.526118453346977, target=LatLng(23.650000000000503, 122.10000000000002), viewport=Size(1200.0, 873.0), overview=6.526118453346977, boundsZoom=6.526118453346977 @ http://localhost:8788/dart_sdk.js:32230
[ 4575707ms] [LOG] MapCanvas camera settled: zoom=6.526118453346977, target=LatLng(23.650000000000503, 122.10000000000002), viewport=Size(1200.0, 873.0), overview=6.526118453346977, boundsZoom=6.526118453346977 @ http://localhost:8788/dart_sdk.js:32230
[ 4575748ms] [LOG] MapCanvas camera settled: zoom=6.526118453346977, target=LatLng(23.650000000000503, 122.10000000000002), viewport=Size(1200.0, 873.0), overview=6.526118453346977, boundsZoom=6.526118453346977 @ http://localhost:8788/dart_sdk.js:32230
[ 4575789ms] [LOG] MapCanvas camera settled: zoom=6.526118453346977, target=LatLng(23.650000000000503, 122.10000000000002), viewport=Size(1200.0, 873.0), overview=6.526118453346977, boundsZoom=6.526118453346977 @ http://localhost:8788/dart_sdk.js:32230
[ 4575828ms] [LOG] MapCanvas camera settled: zoom=6.526118453346977, target=LatLng(23.650000000000503, 122.10000000000002), viewport=Size(1200.0, 873.0), overview=6.526118453346977, boundsZoom=6.526118453346977 @ http://localhost:8788/dart_sdk.js:32230
[ 4575867ms] [LOG] MapCanvas camera settled: zoom=6.526118453346977, target=LatLng(23.650000000000503, 122.10000000000002), viewport=Size(1200.0, 873.0), overview=6.526118453346977, boundsZoom=6.526118453346977 @ http://localhost:8788/dart_sdk.js:32230
[ 4575904ms] [LOG] MapCanvas camera settled: zoom=6.526118453346977, target=LatLng(23.650000000000503, 122.10000000000002), viewport=Size(1200.0, 873.0), overview=6.526118453346977, boundsZoom=6.526118453346977 @ http://localhost:8788/dart_sdk.js:32230
[ 4575943ms] [LOG] MapCanvas camera settled: zoom=6.526118453346977, target=LatLng(23.650000000000503, 122.10000000000002), viewport=Size(1200.0, 873.0), overview=6.526118453346977, boundsZoom=6.526118453346977 @ http://localhost:8788/dart_sdk.js:32230
[ 4575984ms] [LOG] MapCanvas camera settled: zoom=6.526118453346977, target=LatLng(23.650000000000503, 122.10000000000002), viewport=Size(1200.0, 873.0), overview=6.526118453346977, boundsZoom=6.526118453346977 @ http://localhost:8788/dart_sdk.js:32230
[ 4576024ms] [LOG] MapCanvas camera settled: zoom=6.526118453346977, target=LatLng(23.650000000000503, 122.10000000000002), viewport=Size(1200.0, 873.0), overview=6.526118453346977, boundsZoom=6.526118453346977 @ http://localhost:8788/dart_sdk.js:32230
[ 4576068ms] [LOG] MapCanvas camera settled: zoom=6.526118453346977, target=LatLng(23.650000000000503, 122.10000000000002), viewport=Size(1200.0, 873.0), overview=6.526118453346977, boundsZoom=6.526118453346977 @ http://localhost:8788/dart_sdk.js:32230
[ 4576105ms] [LOG] MapCanvas camera settled: zoom=6.526118453346977, target=LatLng(23.650000000000503, 122.10000000000002), viewport=Size(1200.0, 873.0), overview=6.526118453346977, boundsZoom=6.526118453346977 @ http://localhost:8788/dart_sdk.js:32230
[ 4576143ms] [LOG] MapCanvas camera settled: zoom=6.526118453346977, target=LatLng(23.650000000000503, 122.10000000000002), viewport=Size(1200.0, 873.0), overview=6.526118453346977, boundsZoom=6.526118453346977 @ http://localhost:8788/dart_sdk.js:32230
[ 4576178ms] [LOG] MapCanvas camera settled: zoom=6.526118453346977, target=LatLng(23.650000000000503, 122.10000000000002), viewport=Size(1200.0, 873.0), overview=6.526118453346977, boundsZoom=6.526118453346977 @ http://localhost:8788/dart_sdk.js:32230
[ 4576216ms] [LOG] MapCanvas camera settled: zoom=6.526118453346977, target=LatLng(23.650000000000503, 122.10000000000002), viewport=Size(1200.0, 873.0), overview=6.526118453346977, boundsZoom=6.526118453346977 @ http://localhost:8788/dart_sdk.js:32230
[ 4576253ms] [LOG] MapCanvas camera settled: zoom=6.526118453346977, target=LatLng(23.650000000000503, 122.10000000000002), viewport=Size(1200.0, 873.0), overview=6.526118453346977, boundsZoom=6.526118453346977 @ http://localhost:8788/dart_sdk.js:32230
[ 4576291ms] [LOG] MapCanvas camera settled: zoom=6.526118453346977, target=LatLng(23.650000000000503, 122.10000000000002), viewport=Size(1200.0, 873.0), overview=6.526118453346977, boundsZoom=6.526118453346977 @ http://localhost:8788/dart_sdk.js:32230
[ 4576328ms] [LOG] MapCanvas camera settled: zoom=6.526118453346977, target=LatLng(23.650000000000503, 122.10000000000002), viewport=Size(1200.0, 873.0), overview=6.526118453346977, boundsZoom=6.526118453346977 @ http://localhost:8788/dart_sdk.js:32230
[ 4576366ms] [LOG] MapCanvas camera settled: zoom=6.526118453346977, target=LatLng(23.650000000000503, 122.10000000000002), viewport=Size(1200.0, 873.0), overview=6.526118453346977, boundsZoom=6.526118453346977 @ http://localhost:8788/dart_sdk.js:32230
[ 4576403ms] [LOG] MapCanvas camera settled: zoom=6.526118453346977, target=LatLng(23.650000000000503, 122.10000000000002), viewport=Size(1200.0, 873.0), overview=6.526118453346977, boundsZoom=6.526118453346977 @ http://localhost:8788/dart_sdk.js:32230
[ 4576440ms] [LOG] MapCanvas camera settled: zoom=6.526118453346977, target=LatLng(23.650000000000503, 122.10000000000002), viewport=Size(1200.0, 873.0), overview=6.526118453346977, boundsZoom=6.526118453346977 @ http://localhost:8788/dart_sdk.js:32230
[ 4576478ms] [LOG] MapCanvas camera settled: zoom=6.526118453346977, target=LatLng(23.650000000000503, 122.10000000000002), viewport=Size(1200.0, 873.0), overview=6.526118453346977, boundsZoom=6.526118453346977 @ http://localhost:8788/dart_sdk.js:32230
[ 4576514ms] [LOG] MapCanvas camera settled: zoom=6.526118453346977, target=LatLng(23.650000000000503, 122.10000000000002), viewport=Size(1200.0, 873.0), overview=6.526118453346977, boundsZoom=6.526118453346977 @ http://localhost:8788/dart_sdk.js:32230
[ 4576553ms] [LOG] MapCanvas camera settled: zoom=6.526118453346977, target=LatLng(23.650000000000503, 122.10000000000002), viewport=Size(1200.0, 873.0), overview=6.526118453346977, boundsZoom=6.526118453346977 @ http://localhost:8788/dart_sdk.js:32230
[ 4576600ms] [LOG] MapCanvas camera settled: zoom=6.526118453346977, target=LatLng(23.650000000000503, 122.10000000000002), viewport=Size(1200.0, 873.0), overview=6.526118453346977, boundsZoom=6.526118453346977 @ http://localhost:8788/dart_sdk.js:32230
[ 4577289ms] [LOG] MapCanvas camera settled: zoom=6.526118453346977, target=LatLng(23.65000000000002, 121.04999999999995), viewport=Size(1200.0, 873.0), overview=6.526118453346977, boundsZoom=6.526118453346977 @ http://localhost:8788/dart_sdk.js:32230
[ 4577326ms] [LOG] MapCanvas camera settled: zoom=6.526118453346977, target=LatLng(23.650000000000016, 121.04999999999995), viewport=Size(1200.0, 873.0), overview=6.526118453346977, boundsZoom=6.526118453346977 @ http://localhost:8788/dart_sdk.js:32230
[ 4579716ms] [LOG] MapCanvas camera settled: zoom=6.526118453346977, target=LatLng(23.50000000000007, 121.05000000000223), viewport=Size(1200.0, 873.0), overview=6.526118453346977, boundsZoom=6.526118453346977 @ http://localhost:8788/dart_sdk.js:32230
